-rwsr-xr-x. 1 root root 69336 Jan 16  2026 /usr/bin/at
-rwsr-xr-x. 1 root root 78512 Jan 27  2026 /usr/bin/chage
-rws--x--x. 1 root root 69112 Jan 17  2026 /usr/bin/chfn
-rws--x--x. 1 root root 69040 Jan 17  2026 /usr/bin/chsh
-rwsr-xr-x. 1 root root 69576 Jan 16  2026 /usr/bin/crontab
-rwsr-xr-x. 1 root root 69160 Jan 16  2026 /usr/bin/fusermount
-rwsr-xr-x. 1 root root 69168 Jan 16  2026 /usr/bin/fusermount-glusterfs
-rwsr-xr-x. 1 root root 69216 Mar 19 03:00 /usr/bin/fusermount3
-rwsr-xr-x. 1 root root 73936 Jan 27  2026 /usr/bin/gpasswd
-rwsr-xr-x. 1 root root 68832 Apr  8 03:00 /usr/bin/grub2-set-bootflag
-rwsr-xr-x. 1 root root 69200 Jan 17  2026 /usr/bin/mount
-rwsr-xr-x. 1 root root 135976 Mar 14 03:00 /usr/bin/mount.nfs
-rwsr-xr-x. 1 root root 70768 Jan 27  2026 /usr/bin/newgrp
-rwsr-xr-x. 1 root root 68952 Jan 23  2026 /usr/bin/pam_timestamp_check
-rwsr-xr-x. 1 root root 144560 Jan 27  2026 /usr/bin/passwd
-rwsr-xr-x. 1 root root 69160 Mar 27 03:00 /usr/bin/pkexec
-rwsr-xr-x. 1 root root 69424 Jan 17  2026 /usr/bin/su
---s--x--x. 1 root root 272496 Jan 17  2026 /usr/bin/sudo
-rwsr-xr-x. 1 root root 69112 Jan 17  2026 /usr/bin/umount
-rwsr-xr-x. 1 root root 69136 Jan 23  2026 /usr/bin/unix_chkpwd
-rws--x--x. 1 root root 69328 Jan 17  2026 /usr/bin/userhelper
-rwsr-xr-x. 1 root root 68984 Feb  2  2026 /usr/bin/vmware-user-suid-wrapper
-rwsr-xr-x. 1 root root 69080 Mar 27 03:00 /usr/lib/polkit-1/polkit-agent-helper-1
-rwsr-x---. 1 root dbus 69184 Feb 18  2026 /usr/libexec/dbus-1/dbus-daemon-launch-helper
-rwsr-xr-x. 1 root root 69040 Jan 17  2026 /usr/libexec/spice-gtk-aarch64/spice-client-glib-usb-acl-helper
-rwsr-xr-x. 1 root root 69048 Jan 16  2026 /usr/libexec/libgtop_server2
-rwsr-xr-x. 1 root root 668280 Mar 23 03:00 /usr/libexec/qemu-bridge-helper
